AR programcounter behavioral C:/Users/dbake/Desktop/sandbox/ProjectLab1/ProgramCounter.vhd sub00/vhpl01 1459799778
AR datamemory datamemory_a C:/Users/dbake/Desktop/sandbox/UMDRISC16/ipcore_dir/DataMemory.vhd sub00/vhpl27 1458920749
EN data_memory NULL C:/Users/dbake/Desktop/sandbox/UMDRISC16/ipcore_dir/Data_Memory.vhd sub00/vhpl42 1459799773
AR passloc behavior C:/Users/dbake/Desktop/sandbox/UMDRISC16/PassLoc.vhd sub00/vhpl47 1459353418
EN genpurposeregbank NULL C:/Users/dbake/Desktop/sandbox/UMDRISC16/GenPurposeRegBank.vhd sub00/vhpl37 1459799769
AR alu structural C:/Users/dbake/Desktop/sandbox/UMDRISC16/alu_toplevel.vhd sub00/vhpl23 1459799764
AR arith_unit combinational C:/Users/dbake/Desktop/sandbox/UMDRISC16/alu_arithmetic_unit.vhd sub00/vhpl13 1459799754
EN alu_latch NULL C:/Users/dbake/Desktop/sandbox/UMDRISC16/ALU_LATCH.vhd sub00/vhpl48 1459799767
AR fetchunit behavioral C:/Users/dbake/Desktop/sandbox/UMDRISC16/FetchUnit.vhd sub00/vhpl03 1459799780
AR progmemory progmemory_a C:/Users/dbake/Desktop/sandbox/UMDRISC16/ipcore_dir/ProgMemory.vhd sub00/vhpl51 1459799776
EN passloc NULL C:/Users/dbake/Desktop/sandbox/UMDRISC16/PassLoc.vhd sub00/vhpl46 1459353417
AR programmemory behavioral C:/Users/dbake/Desktop/sandbox/UMDRISC16/ProgramMemory.vhd sub00/vhpl29 1458938787
AR controlunit structural C:/Users/dbake/Desktop/sandbox/UMDRISC16/ControlUnit.vhd sub00/vhpl09 1459799788
AR wb_unit behavior C:/Users/dbake/Desktop/sandbox/UMDRISC16/WB_Unit.vhd sub00/vhpl53 1459799786
AR datamemory behavioral C:/Users/dbake/Desktop/sandbox/UMDRISC16/DataMemory.vhd sub00/vhpl30 1458999345
AR load_store_unit behavioral C:/Users/dbake/Desktop/sandbox/UMDRISC16/load_store_unit.vhd sub00/vhpl19 1459799760
AR alu_latch behavior C:/Users/dbake/Desktop/sandbox/UMDRISC16/ALU_LATCH.vhd sub00/vhpl49 1459799768
EN shadowregbank NULL C:/Users/dbake/Desktop/sandbox/UMDRISC16/ShadowRegBank.vhd sub00/vhpl40 1459799771
AR alu_mux combinational C:/Users/dbake/Desktop/sandbox/UMDRISC16/alu_mux.vhd sub00/vhpl21 1459799762
EN umdrisc16_toplevel NULL C:/Users/dbake/Desktop/sandbox/UMDRISC16/UMDRISC16_TopLevel.vhd sub00/vhpl10 1459799791
AR logic_unit combinational C:/Users/dbake/Desktop/sandbox/UMDRISC16/alu_logic_unit.vhd sub00/vhpl15 1459799756
EN load_store_unit NULL C:/Users/dbake/Desktop/sandbox/UMDRISC16/load_store_unit.vhd sub00/vhpl18 1459799759
EN programcounter NULL C:/Users/dbake/Desktop/sandbox/ProjectLab1/ProgramCounter.vhd sub00/vhpl00 1459799777
EN arith_unit NULL C:/Users/dbake/Desktop/sandbox/UMDRISC16/alu_arithmetic_unit.vhd sub00/vhpl12 1459799753
EN logic_unit NULL C:/Users/dbake/Desktop/sandbox/UMDRISC16/alu_logic_unit.vhd sub00/vhpl14 1459799755
EN fetchunit NULL C:/Users/dbake/Desktop/sandbox/UMDRISC16/FetchUnit.vhd sub00/vhpl02 1459799779
EN alu_shift_unit NULL C:/Users/dbake/Desktop/sandbox/UMDRISC16/alu_shift_unit.vhd sub00/vhpl16 1459799757
EN program_memory NULL C:/Users/dbake/Desktop/sandbox/UMDRISC16/ipcore_dir/Program_Memory.vhd sub00/vhpl06 1459287682
AR alu_shift_unit combinational C:/Users/dbake/Desktop/sandbox/UMDRISC16/alu_shift_unit.vhd sub00/vhpl17 1459799758
EN oa_mux NULL C:/Users/dbake/Desktop/sandbox/UMDRISC16/OA_MUX.vhd sub00/vhpl33 1459799765
AR data_memory data_memory_a C:/Users/dbake/Desktop/sandbox/UMDRISC16/ipcore_dir/Data_Memory.vhd sub00/vhpl43 1459799774
EN controlunit NULL C:/Users/dbake/Desktop/sandbox/UMDRISC16/ControlUnit.vhd sub00/vhpl08 1459799787
EN fpu NULL C:/Users/dbake/Desktop/sandbox/UMDRISC16/FPU.vhd sub00/vhpl24 1459799789
AR oaunit behavioral C:/Users/dbake/Desktop/sandbox/UMDRISC16/OaUnit.vhd sub00/vhpl32 1459799784
AR fpu structural C:/Users/dbake/Desktop/sandbox/UMDRISC16/FPU.vhd sub00/vhpl25 1459799790
EN programmemory NULL C:/Users/dbake/Desktop/sandbox/UMDRISC16/ProgramMemory.vhd sub00/vhpl28 1458938786
EN oaunit NULL C:/Users/dbake/Desktop/sandbox/UMDRISC16/OaUnit.vhd sub00/vhpl31 1459799783
AR genpurposeregbank behavioral C:/Users/dbake/Desktop/sandbox/UMDRISC16/GenPurposeRegBank.vhd sub00/vhpl39 1459799770
AR oaunit_toplevel structural C:/Users/dbake/Desktop/sandbox/UMDRISC16/OAUNIT_Toplevel.vhd sub00/vhpl36 1459262907
AR umdrisc16_toplevel structural C:/Users/dbake/Desktop/sandbox/UMDRISC16/UMDRISC16_TopLevel.vhd sub00/vhpl11 1459799792
EN progmemory NULL C:/Users/dbake/Desktop/sandbox/UMDRISC16/ipcore_dir/ProgMemory.vhd sub00/vhpl50 1459799775
EN datamemory NULL C:/Users/dbake/Desktop/sandbox/UMDRISC16/DataMemory.vhd sub00/vhpl26 1458999344
EN wb_unit NULL C:/Users/dbake/Desktop/sandbox/UMDRISC16/WB_Unit.vhd sub00/vhpl52 1459799785
AR program_memory program_memory_a C:/Users/dbake/Desktop/sandbox/UMDRISC16/ipcore_dir/Program_Memory.vhd sub00/vhpl07 1459287683
AR notclock behavioral C:/Users/dbake/Desktop/sandbox/UMDRISC16/NotClock.vhd sub00/vhpl45 1459262880
EN decode NULL C:/Users/dbake/Desktop/sandbox/UMDRISC16/Decode.vhd sub00/vhpl04 1459799781
AR genpurposeregbank genpurposeregbank_a C:/Users/dbake/Desktop/sandbox/UMDRISC16/ipcore_dir/GenPurposeRegBank.vhd sub00/vhpl38 1459178350
EN alu_mux NULL C:/Users/dbake/Desktop/sandbox/UMDRISC16/alu_mux.vhd sub00/vhpl20 1459799761
EN notclock NULL C:/Users/dbake/Desktop/sandbox/UMDRISC16/NotClock.vhd sub00/vhpl44 1459262879
EN oaunit_toplevel NULL C:/Users/dbake/Desktop/sandbox/UMDRISC16/OAUNIT_Toplevel.vhd sub00/vhpl35 1459262906
AR oa_mux combinational C:/Users/dbake/Desktop/sandbox/UMDRISC16/OA_MUX.vhd sub00/vhpl34 1459799766
AR decode behavior C:/Users/dbake/Desktop/sandbox/UMDRISC16/Decode.vhd sub00/vhpl05 1459799782
AR shadowregbank behavioral C:/Users/dbake/Desktop/sandbox/UMDRISC16/ShadowRegBank.vhd sub00/vhpl41 1459799772
EN alu NULL C:/Users/dbake/Desktop/sandbox/UMDRISC16/alu_toplevel.vhd sub00/vhpl22 1459799763
