V3 100
FL C:/Users/dbake/Desktop/sandbox/ProjectLab1/ProgramCounter.vhd 2016/04/03.10:16:34 P.20131013
EN work/ProgramCounter 1459799777 \
      FL C:/Users/dbake/Desktop/sandbox/ProjectLab1/ProgramCounter.vhd \
      PB ieee/std_logic_1164 1381692176 PB ieee/std_logic_arith 1381692177 \
      PB ieee/STD_LOGIC_UNSIGNED 1381692179
AR work/ProgramCounter/Behavioral 1459799778 \
      FL C:/Users/dbake/Desktop/sandbox/ProjectLab1/ProgramCounter.vhd \
      EN work/ProgramCounter 1459799777
FL C:/Users/dbake/Desktop/sandbox/UMDRISC16/alu_arithmetic_unit.vhd 2016/03/25.10:50:19 P.20131013
EN work/Arith_Unit 1459799753 \
      FL C:/Users/dbake/Desktop/sandbox/UMDRISC16/alu_arithmetic_unit.vhd \
      PB ieee/std_logic_1164 1381692176 PB ieee/std_logic_arith 1381692177 \
      PB ieee/STD_LOGIC_UNSIGNED 1381692179
AR work/Arith_Unit/Combinational 1459799754 \
      FL C:/Users/dbake/Desktop/sandbox/UMDRISC16/alu_arithmetic_unit.vhd \
      EN work/Arith_Unit 1459799753
FL C:/Users/dbake/Desktop/sandbox/UMDRISC16/ALU_LATCH.vhd 2016/04/04.15:51:42 P.20131013
EN work/ALU_LATCH 1459799767 \
      FL C:/Users/dbake/Desktop/sandbox/UMDRISC16/ALU_LATCH.vhd \
      PB ieee/std_logic_1164 1381692176 PB ieee/std_logic_arith 1381692177 \
      PB ieee/STD_LOGIC_UNSIGNED 1381692179
AR work/ALU_LATCH/Behavior 1459799768 \
      FL C:/Users/dbake/Desktop/sandbox/UMDRISC16/ALU_LATCH.vhd EN work/ALU_LATCH 1459799767
FL C:/Users/dbake/Desktop/sandbox/UMDRISC16/alu_logic_unit.vhd 2016/04/03.10:28:05 P.20131013
EN work/Logic_Unit 1459799755 \
      FL C:/Users/dbake/Desktop/sandbox/UMDRISC16/alu_logic_unit.vhd \
      PB ieee/std_logic_1164 1381692176 PB ieee/std_logic_arith 1381692177 \
      PB ieee/STD_LOGIC_UNSIGNED 1381692179
AR work/Logic_Unit/Combinational 1459799756 \
      FL C:/Users/dbake/Desktop/sandbox/UMDRISC16/alu_logic_unit.vhd \
      EN work/Logic_Unit 1459799755
FL C:/Users/dbake/Desktop/sandbox/UMDRISC16/alu_mux.vhd 2016/03/25.10:50:20 P.20131013
EN work/ALU_Mux 1459799761 \
      FL C:/Users/dbake/Desktop/sandbox/UMDRISC16/alu_mux.vhd \
      PB ieee/std_logic_1164 1381692176 PB ieee/std_logic_arith 1381692177 \
      PB ieee/STD_LOGIC_UNSIGNED 1381692179
AR work/ALU_Mux/Combinational 1459799762 \
      FL C:/Users/dbake/Desktop/sandbox/UMDRISC16/alu_mux.vhd EN work/ALU_Mux 1459799761
FL C:/Users/dbake/Desktop/sandbox/UMDRISC16/alu_shift_unit.vhd 2016/03/25.10:50:20 P.20131013
EN work/ALU_Shift_Unit 1459799757 \
      FL C:/Users/dbake/Desktop/sandbox/UMDRISC16/alu_shift_unit.vhd \
      PB ieee/std_logic_1164 1381692176 PB ieee/std_logic_arith 1381692177 \
      PB ieee/STD_LOGIC_UNSIGNED 1381692179
AR work/ALU_Shift_Unit/Combinational 1459799758 \
      FL C:/Users/dbake/Desktop/sandbox/UMDRISC16/alu_shift_unit.vhd \
      EN work/ALU_Shift_Unit 1459799757
FL C:/Users/dbake/Desktop/sandbox/UMDRISC16/alu_toplevel.vhd 2016/03/30.11:58:58 P.20131013
EN work/ALU 1459799763 \
      FL C:/Users/dbake/Desktop/sandbox/UMDRISC16/alu_toplevel.vhd \
      PB ieee/std_logic_1164 1381692176 PB ieee/std_logic_arith 1381692177 \
      PB ieee/STD_LOGIC_UNSIGNED 1381692179 LB work
AR work/ALU/Structural 1459799764 \
      FL C:/Users/dbake/Desktop/sandbox/UMDRISC16/alu_toplevel.vhd EN work/ALU 1459799763 \
      CP work/Arith_Unit CP work/Logic_Unit CP work/alu_shift_unit \
      CP work/Load_Store_Unit CP work/ALU_Mux
FL C:/Users/dbake/Desktop/sandbox/UMDRISC16/ControlUnit.vhd 2016/04/04.15:54:38 P.20131013
EN work/ControlUnit 1459799787 \
      FL C:/Users/dbake/Desktop/sandbox/UMDRISC16/ControlUnit.vhd \
      PB ieee/std_logic_1164 1381692176
AR work/ControlUnit/Structural 1459799788 \
      FL C:/Users/dbake/Desktop/sandbox/UMDRISC16/ControlUnit.vhd \
      EN work/ControlUnit 1459799787 CP work/ProgramCounter CP work/FetchUnit \
      CP work/Decode CP work/OaUnit CP work/WB_Unit
FL C:/Users/dbake/Desktop/sandbox/UMDRISC16/DataMemory.vhd 2016/03/26.09:04:58 P.20131013
EN work/DataMemory 1458999344 \
      FL C:/Users/dbake/Desktop/sandbox/UMDRISC16/DataMemory.vhd \
      PB ieee/std_logic_1164 1381692176 PB ieee/NUMERIC_STD 1381692181
AR work/DataMemory/Behavioral 1458999345 \
      FL C:/Users/dbake/Desktop/sandbox/UMDRISC16/DataMemory.vhd \
      EN work/DataMemory 1458999344
FL C:/Users/dbake/Desktop/sandbox/UMDRISC16/Decode.vhd 2016/04/04.15:38:57 P.20131013
EN work/Decode 1459799781 FL C:/Users/dbake/Desktop/sandbox/UMDRISC16/Decode.vhd \
      PB ieee/std_logic_1164 1381692176 PB ieee/std_logic_arith 1381692177 \
      PB ieee/STD_LOGIC_UNSIGNED 1381692179
AR work/Decode/Behavior 1459799782 \
      FL C:/Users/dbake/Desktop/sandbox/UMDRISC16/Decode.vhd EN work/Decode 1459799781
FL C:/Users/dbake/Desktop/sandbox/UMDRISC16/FetchUnit.vhd 2016/04/03.10:38:46 P.20131013
EN work/FetchUnit 1459799779 \
      FL C:/Users/dbake/Desktop/sandbox/UMDRISC16/FetchUnit.vhd \
      PB ieee/std_logic_1164 1381692176
AR work/FetchUnit/Behavioral 1459799780 \
      FL C:/Users/dbake/Desktop/sandbox/UMDRISC16/FetchUnit.vhd EN work/FetchUnit 1459799779
FL C:/Users/dbake/Desktop/sandbox/UMDRISC16/FPU.vhd 2016/04/04.15:52:19 P.20131013
EN work/FPU 1459799789 FL C:/Users/dbake/Desktop/sandbox/UMDRISC16/FPU.vhd \
      PB ieee/std_logic_1164 1381692176
AR work/FPU/Structural 1459799790 \
      FL C:/Users/dbake/Desktop/sandbox/UMDRISC16/FPU.vhd EN work/FPU 1459799789 \
      CP work/ALU CP work/Oa_MUX CP work/ALU_LATCH CP work/GenPurposeRegBank \
      CP work/ShadowRegBank CP work/Data_Memory CP work/ProgMemory
FL C:/Users/dbake/Desktop/sandbox/UMDRISC16/GenPurposeRegBank.vhd 2016/04/03.11:00:43 P.20131013
EN work/GenPurposeRegBank 1459799769 \
      FL C:/Users/dbake/Desktop/sandbox/UMDRISC16/GenPurposeRegBank.vhd \
      PB ieee/std_logic_1164 1381692176 PB ieee/NUMERIC_STD 1381692181
AR work/GenPurposeRegBank/Behavioral 1459799770 \
      FL C:/Users/dbake/Desktop/sandbox/UMDRISC16/GenPurposeRegBank.vhd \
      EN work/GenPurposeRegBank 1459799769
FL C:/Users/dbake/Desktop/sandbox/UMDRISC16/ipcore_dir/DataMemory.vhd 2016/03/25.11:07:40 P.20131013
AR work/DataMemory/DataMemory_a -1 \
      FL C:/Users/dbake/Desktop/sandbox/UMDRISC16/ipcore_dir/DataMemory.vhd \
      EN work/DataMemory 1458999344
FL C:/Users/dbake/Desktop/sandbox/UMDRISC16/ipcore_dir/Data_Memory.vhd 2016/03/28.11:42:12 P.20131013
EN work/Data_Memory 1459799773 \
      FL C:/Users/dbake/Desktop/sandbox/UMDRISC16/ipcore_dir/Data_Memory.vhd \
      PB ieee/std_logic_1164 1381692176
AR work/Data_Memory/Data_Memory_a 1459799774 \
      FL C:/Users/dbake/Desktop/sandbox/UMDRISC16/ipcore_dir/Data_Memory.vhd \
      EN work/Data_Memory 1459799773
FL C:/Users/dbake/Desktop/sandbox/UMDRISC16/ipcore_dir/GenPurposeRegBank.vhd 2016/03/25.15:02:08 P.20131013
AR work/GenPurposeRegBank/GenPurposeRegBank_a -1 \
      FL C:/Users/dbake/Desktop/sandbox/UMDRISC16/ipcore_dir/GenPurposeRegBank.vhd \
      EN work/GenPurposeRegBank 1459799769
FL C:/Users/dbake/Desktop/sandbox/UMDRISC16/ipcore_dir/ProgMemory.vhd 2016/03/30.10:50:17 P.20131013
EN work/ProgMemory 1459799775 \
      FL C:/Users/dbake/Desktop/sandbox/UMDRISC16/ipcore_dir/ProgMemory.vhd \
      PB ieee/std_logic_1164 1381692176
AR work/ProgMemory/ProgMemory_a 1459799776 \
      FL C:/Users/dbake/Desktop/sandbox/UMDRISC16/ipcore_dir/ProgMemory.vhd \
      EN work/ProgMemory 1459799775
FL C:/Users/dbake/Desktop/sandbox/UMDRISC16/ipcore_dir/Program_Memory.vhd 2016/03/13.10:16:51 P.20131013
EN work/Program_Memory 1459287682 \
      FL C:/Users/dbake/Desktop/sandbox/UMDRISC16/ipcore_dir/Program_Memory.vhd \
      PB ieee/std_logic_1164 1381692176
AR work/Program_Memory/Program_Memory_a 1459287683 \
      FL C:/Users/dbake/Desktop/sandbox/UMDRISC16/ipcore_dir/Program_Memory.vhd \
      EN work/Program_Memory 1459287682
FL C:/Users/dbake/Desktop/sandbox/UMDRISC16/load_store_unit.vhd 2016/03/25.10:50:20 P.20131013
EN work/Load_Store_Unit 1459799759 \
      FL C:/Users/dbake/Desktop/sandbox/UMDRISC16/load_store_unit.vhd \
      PB ieee/std_logic_1164 1381692176 PB ieee/std_logic_arith 1381692177 \
      PB ieee/STD_LOGIC_UNSIGNED 1381692179
AR work/Load_Store_Unit/Behavioral 1459799760 \
      FL C:/Users/dbake/Desktop/sandbox/UMDRISC16/load_store_unit.vhd \
      EN work/Load_Store_Unit 1459799759
FL C:/Users/dbake/Desktop/sandbox/UMDRISC16/NotClock.vhd 2016/03/29.10:45:49 P.20131013
EN work/NotClock 1459262879 \
      FL C:/Users/dbake/Desktop/sandbox/UMDRISC16/NotClock.vhd \
      PB ieee/std_logic_1164 1381692176
AR work/NotClock/Behavioral 1459262880 \
      FL C:/Users/dbake/Desktop/sandbox/UMDRISC16/NotClock.vhd EN work/NotClock 1459262879
FL C:/Users/dbake/Desktop/sandbox/UMDRISC16/OaUnit.vhd 2016/04/04.15:43:41 P.20131013
EN work/OaUnit 1459799783 FL C:/Users/dbake/Desktop/sandbox/UMDRISC16/OaUnit.vhd \
      PB ieee/std_logic_1164 1381692176
AR work/OaUnit/Behavioral 1459799784 \
      FL C:/Users/dbake/Desktop/sandbox/UMDRISC16/OaUnit.vhd EN work/OaUnit 1459799783
FL C:/Users/dbake/Desktop/sandbox/UMDRISC16/OAUNIT_Toplevel.vhd 2016/03/26.10:22:09 P.20131013
EN work/OAUNIT_Toplevel 1459262906 \
      FL C:/Users/dbake/Desktop/sandbox/UMDRISC16/OAUNIT_Toplevel.vhd \
      PB ieee/std_logic_1164 1381692176
AR work/OAUNIT_Toplevel/Structural 1459262907 \
      FL C:/Users/dbake/Desktop/sandbox/UMDRISC16/OAUNIT_Toplevel.vhd \
      EN work/OAUNIT_Toplevel 1459262906 CP work/OaUnit CP work/Oa_MUX
FL C:/Users/dbake/Desktop/sandbox/UMDRISC16/OA_MUX.vhd 2016/04/01.15:48:01 P.20131013
EN work/OA_MUX 1459799765 FL C:/Users/dbake/Desktop/sandbox/UMDRISC16/OA_MUX.vhd \
      PB ieee/std_logic_1164 1381692176
AR work/OA_MUX/Combinational 1459799766 \
      FL C:/Users/dbake/Desktop/sandbox/UMDRISC16/OA_MUX.vhd EN work/OA_MUX 1459799765
FL C:/Users/dbake/Desktop/sandbox/UMDRISC16/PassLoc.vhd 2016/03/30.11:40:58 P.20131013
EN work/PassLoc 1459353417 \
      FL C:/Users/dbake/Desktop/sandbox/UMDRISC16/PassLoc.vhd \
      PB ieee/std_logic_1164 1381692176 PB ieee/std_logic_arith 1381692177 \
      PB ieee/STD_LOGIC_UNSIGNED 1381692179
AR work/PassLoc/Behavior 1459353418 \
      FL C:/Users/dbake/Desktop/sandbox/UMDRISC16/PassLoc.vhd EN work/PassLoc 1459353417
FL C:/Users/dbake/Desktop/sandbox/UMDRISC16/ProgramMemory.vhd 2016/03/25.16:56:38 P.20131013
FL C:/Users/dbake/Desktop/sandbox/UMDRISC16/ShadowRegBank.vhd 2016/03/28.11:26:20 P.20131013
EN work/ShadowRegBank 1459799771 \
      FL C:/Users/dbake/Desktop/sandbox/UMDRISC16/ShadowRegBank.vhd \
      PB ieee/std_logic_1164 1381692176 PB ieee/NUMERIC_STD 1381692181
AR work/ShadowRegBank/Behavioral 1459799772 \
      FL C:/Users/dbake/Desktop/sandbox/UMDRISC16/ShadowRegBank.vhd \
      EN work/ShadowRegBank 1459799771
FL C:/Users/dbake/Desktop/sandbox/UMDRISC16/UMDRISC16_TopLevel.vhd 2016/04/04.15:53:34 P.20131013
EN work/UMDRISC16_TopLevel 1459799791 \
      FL C:/Users/dbake/Desktop/sandbox/UMDRISC16/UMDRISC16_TopLevel.vhd \
      PB ieee/std_logic_1164 1381692176
AR work/UMDRISC16_TopLevel/Structural 1459799792 \
      FL C:/Users/dbake/Desktop/sandbox/UMDRISC16/UMDRISC16_TopLevel.vhd \
      EN work/UMDRISC16_TopLevel 1459799791 CP work/ControlUnit CP work/FPU
FL C:/Users/dbake/Desktop/sandbox/UMDRISC16/WB_Unit.vhd 2016/04/04.15:55:46 P.20131013
EN work/WB_Unit 1459799785 \
      FL C:/Users/dbake/Desktop/sandbox/UMDRISC16/WB_Unit.vhd \
      PB ieee/std_logic_1164 1381692176 PB ieee/std_logic_arith 1381692177 \
      PB ieee/STD_LOGIC_UNSIGNED 1381692179
AR work/WB_Unit/Behavior 1459799786 \
      FL C:/Users/dbake/Desktop/sandbox/UMDRISC16/WB_Unit.vhd EN work/WB_Unit 1459799785
